// Jest Snapshot v1, https://goo.gl/fbAQLP

exports[`Welcome should match the snapshot 1`] = `
ShallowWrapper {
  "length": 1,
  Symbol(enzyme.__root__): [Circular],
  Symbol(enzyme.__unrendered__): <Welcome
    crawl={
        Object {
            "crawl": "It is a period of civil war.
        Rebel spaceships, striking
        from a hidden base, have won
        their first victory against
        the evil Galactic Empire.
        
        During the battle, Rebel
        spies managed to steal secret
        plans to the Empire's
        ultimate weapon, the DEATH
        STAR, an armored space
        station with enough power
        to destroy an entire planet.
        
        Pursued by the Empire's
        sinister agents, Princess
        Leia races home aboard her
        starship, custodian of the
        stolen plans that can save her
        people and restore
        freedom to the galaxy....",
            "episode": 4,
            "release": "1977",
            "title": "A New Hope",
          }
    }
/>,
  Symbol(enzyme.__renderer__): Object {
    "batchedUpdates": [Function],
    "getNode": [Function],
    "render": [Function],
    "simulateEvent": [Function],
    "unmount": [Function],
  },
  Symbol(enzyme.__node__): Object {
    "instance": null,
    "key": undefined,
    "nodeType": "host",
    "props": Object {
      "children": <section
        className="star-wars"
>
        <div
                className="crawl"
        >
                <div
                        className="title"
                >
                        <p>
                                Episode 
                                4
                                  (
                                1977
                                )
                        </p>
                        <h1>
                                A New Hope
                        </h1>
                </div>
                <p>
                        It is a period of civil war.
                        Rebel spaceships, striking
                        from a hidden base, have won
                        their first victory against
                        the evil Galactic Empire.
                        
                        During the battle, Rebel
                        spies managed to steal secret
                        plans to the Empire's
                        ultimate weapon, the DEATH
                        STAR, an armored space
                        station with enough power
                        to destroy an entire planet.
                        
                        Pursued by the Empire's
                        sinister agents, Princess
                        Leia races home aboard her
                        starship, custodian of the
                        stolen plans that can save her
                        people and restore
                        freedom to the galaxy....
                </p>
        </div>
</section>,
      "className": "welcome",
    },
    "ref": null,
    "rendered": Object {
      "instance": null,
      "key": undefined,
      "nodeType": "host",
      "props": Object {
        "children": <div
          className="crawl"
>
          <div
                    className="title"
          >
                    <p>
                              Episode 
                              4
                                (
                              1977
                              )
                    </p>
                    <h1>
                              A New Hope
                    </h1>
          </div>
          <p>
                    It is a period of civil war.
                    Rebel spaceships, striking
                    from a hidden base, have won
                    their first victory against
                    the evil Galactic Empire.
                    
                    During the battle, Rebel
                    spies managed to steal secret
                    plans to the Empire's
                    ultimate weapon, the DEATH
                    STAR, an armored space
                    station with enough power
                    to destroy an entire planet.
                    
                    Pursued by the Empire's
                    sinister agents, Princess
                    Leia races home aboard her
                    starship, custodian of the
                    stolen plans that can save her
                    people and restore
                    freedom to the galaxy....
          </p>
</div>,
        "className": "star-wars",
      },
      "ref": null,
      "rendered": Object {
        "instance": null,
        "key": undefined,
        "nodeType": "host",
        "props": Object {
          "children": Array [
            <div
              className="title"
>
              <p>
                            Episode 
                            4
                              (
                            1977
                            )
              </p>
              <h1>
                            A New Hope
              </h1>
</div>,
            <p>
              It is a period of civil war.
              Rebel spaceships, striking
              from a hidden base, have won
              their first victory against
              the evil Galactic Empire.
              
              During the battle, Rebel
              spies managed to steal secret
              plans to the Empire's
              ultimate weapon, the DEATH
              STAR, an armored space
              station with enough power
              to destroy an entire planet.
              
              Pursued by the Empire's
              sinister agents, Princess
              Leia races home aboard her
              starship, custodian of the
              stolen plans that can save her
              people and restore
              freedom to the galaxy....
</p>,
          ],
          "className": "crawl",
        },
        "ref": null,
        "rendered": Array [
          Object {
            "instance": null,
            "key": undefined,
            "nodeType": "host",
            "props": Object {
              "children": Array [
                <p>
                  Episode 
                  4
                    (
                  1977
                  )
</p>,
                <h1>
                  A New Hope
</h1>,
              ],
              "className": "title",
            },
            "ref": null,
            "rendered": Array [
              Object {
                "instance": null,
                "key": undefined,
                "nodeType": "host",
                "props": Object {
                  "children": Array [
                    "Episode ",
                    4,
                    "  (",
                    "1977",
                    ")",
                  ],
                },
                "ref": null,
                "rendered": Array [
                  "Episode ",
                  4,
                  "  (",
                  "1977",
                  ")",
                ],
                "type": "p",
              },
              Object {
                "instance": null,
                "key": undefined,
                "nodeType": "host",
                "props": Object {
                  "children": "A New Hope",
                },
                "ref": null,
                "rendered": "A New Hope",
                "type": "h1",
              },
            ],
            "type": "div",
          },
          Object {
            "instance": null,
            "key": undefined,
            "nodeType": "host",
            "props": Object {
              "children": "It is a period of civil war.
Rebel spaceships, striking
from a hidden base, have won
their first victory against
the evil Galactic Empire.

During the battle, Rebel
spies managed to steal secret
plans to the Empire's
ultimate weapon, the DEATH
STAR, an armored space
station with enough power
to destroy an entire planet.

Pursued by the Empire's
sinister agents, Princess
Leia races home aboard her
starship, custodian of the
stolen plans that can save her
people and restore
freedom to the galaxy....",
            },
            "ref": null,
            "rendered": "It is a period of civil war.
Rebel spaceships, striking
from a hidden base, have won
their first victory against
the evil Galactic Empire.

During the battle, Rebel
spies managed to steal secret
plans to the Empire's
ultimate weapon, the DEATH
STAR, an armored space
station with enough power
to destroy an entire planet.

Pursued by the Empire's
sinister agents, Princess
Leia races home aboard her
starship, custodian of the
stolen plans that can save her
people and restore
freedom to the galaxy....",
            "type": "p",
          },
        ],
        "type": "div",
      },
      "type": "section",
    },
    "type": "div",
  },
  Symbol(enzyme.__nodes__): Array [
    Object {
      "instance": null,
      "key": undefined,
      "nodeType": "host",
      "props": Object {
        "children": <section
          className="star-wars"
>
          <div
                    className="crawl"
          >
                    <div
                              className="title"
                    >
                              <p>
                                        Episode 
                                        4
                                          (
                                        1977
                                        )
                              </p>
                              <h1>
                                        A New Hope
                              </h1>
                    </div>
                    <p>
                              It is a period of civil war.
                              Rebel spaceships, striking
                              from a hidden base, have won
                              their first victory against
                              the evil Galactic Empire.
                              
                              During the battle, Rebel
                              spies managed to steal secret
                              plans to the Empire's
                              ultimate weapon, the DEATH
                              STAR, an armored space
                              station with enough power
                              to destroy an entire planet.
                              
                              Pursued by the Empire's
                              sinister agents, Princess
                              Leia races home aboard her
                              starship, custodian of the
                              stolen plans that can save her
                              people and restore
                              freedom to the galaxy....
                    </p>
          </div>
</section>,
        "className": "welcome",
      },
      "ref": null,
      "rendered": Object {
        "instance": null,
        "key": undefined,
        "nodeType": "host",
        "props": Object {
          "children": <div
            className="crawl"
>
            <div
                        className="title"
            >
                        <p>
                                    Episode 
                                    4
                                      (
                                    1977
                                    )
                        </p>
                        <h1>
                                    A New Hope
                        </h1>
            </div>
            <p>
                        It is a period of civil war.
                        Rebel spaceships, striking
                        from a hidden base, have won
                        their first victory against
                        the evil Galactic Empire.
                        
                        During the battle, Rebel
                        spies managed to steal secret
                        plans to the Empire's
                        ultimate weapon, the DEATH
                        STAR, an armored space
                        station with enough power
                        to destroy an entire planet.
                        
                        Pursued by the Empire's
                        sinister agents, Princess
                        Leia races home aboard her
                        starship, custodian of the
                        stolen plans that can save her
                        people and restore
                        freedom to the galaxy....
            </p>
</div>,
          "className": "star-wars",
        },
        "ref": null,
        "rendered": Object {
          "instance": null,
          "key": undefined,
          "nodeType": "host",
          "props": Object {
            "children": Array [
              <div
                className="title"
>
                <p>
                                Episode 
                                4
                                  (
                                1977
                                )
                </p>
                <h1>
                                A New Hope
                </h1>
</div>,
              <p>
                It is a period of civil war.
                Rebel spaceships, striking
                from a hidden base, have won
                their first victory against
                the evil Galactic Empire.
                
                During the battle, Rebel
                spies managed to steal secret
                plans to the Empire's
                ultimate weapon, the DEATH
                STAR, an armored space
                station with enough power
                to destroy an entire planet.
                
                Pursued by the Empire's
                sinister agents, Princess
                Leia races home aboard her
                starship, custodian of the
                stolen plans that can save her
                people and restore
                freedom to the galaxy....
</p>,
            ],
            "className": "crawl",
          },
          "ref": null,
          "rendered": Array [
            Object {
              "instance": null,
              "key": undefined,
              "nodeType": "host",
              "props": Object {
                "children": Array [
                  <p>
                    Episode 
                    4
                      (
                    1977
                    )
</p>,
                  <h1>
                    A New Hope
</h1>,
                ],
                "className": "title",
              },
              "ref": null,
              "rendered": Array [
                Object {
                  "instance": null,
                  "key": undefined,
                  "nodeType": "host",
                  "props": Object {
                    "children": Array [
                      "Episode ",
                      4,
                      "  (",
                      "1977",
                      ")",
                    ],
                  },
                  "ref": null,
                  "rendered": Array [
                    "Episode ",
                    4,
                    "  (",
                    "1977",
                    ")",
                  ],
                  "type": "p",
                },
                Object {
                  "instance": null,
                  "key": undefined,
                  "nodeType": "host",
                  "props": Object {
                    "children": "A New Hope",
                  },
                  "ref": null,
                  "rendered": "A New Hope",
                  "type": "h1",
                },
              ],
              "type": "div",
            },
            Object {
              "instance": null,
              "key": undefined,
              "nodeType": "host",
              "props": Object {
                "children": "It is a period of civil war.
Rebel spaceships, striking
from a hidden base, have won
their first victory against
the evil Galactic Empire.

During the battle, Rebel
spies managed to steal secret
plans to the Empire's
ultimate weapon, the DEATH
STAR, an armored space
station with enough power
to destroy an entire planet.

Pursued by the Empire's
sinister agents, Princess
Leia races home aboard her
starship, custodian of the
stolen plans that can save her
people and restore
freedom to the galaxy....",
              },
              "ref": null,
              "rendered": "It is a period of civil war.
Rebel spaceships, striking
from a hidden base, have won
their first victory against
the evil Galactic Empire.

During the battle, Rebel
spies managed to steal secret
plans to the Empire's
ultimate weapon, the DEATH
STAR, an armored space
station with enough power
to destroy an entire planet.

Pursued by the Empire's
sinister agents, Princess
Leia races home aboard her
starship, custodian of the
stolen plans that can save her
people and restore
freedom to the galaxy....",
              "type": "p",
            },
          ],
          "type": "div",
        },
        "type": "section",
      },
      "type": "div",
    },
  ],
  Symbol(enzyme.__options__): Object {
    "adapter": ReactSixteenAdapter {
      "options": Object {
        "enableComponentDidUpdateOnSetState": true,
      },
    },
  },
}
`;
