// Jest Snapshot v1, https://goo.gl/fbAQLP

exports[`App should match the snapshot 1`] = `
ShallowWrapper {
  "length": 1,
  Symbol(enzyme.__root__): [Circular],
  Symbol(enzyme.__unrendered__): <App />,
  Symbol(enzyme.__renderer__): Object {
    "batchedUpdates": [Function],
    "getNode": [Function],
    "render": [Function],
    "simulateEvent": [Function],
    "unmount": [Function],
  },
  Symbol(enzyme.__node__): Object {
    "instance": null,
    "key": undefined,
    "nodeType": "host",
    "props": Object {
      "children": Array [
        <header
          className="header"
>
          <Link
                    className="swapiLink"
                    replace={false}
                    to="/"
          >
                    <h1
                              className="App-title"
                    >
                              SwapiBox
                    </h1>
          </Link>
          <NavLink
                    activeClassName="active"
                    ariaCurrent="true"
                    className="people"
                    to="/people"
          >
                    People
          </NavLink>
          <NavLink
                    activeClassName="active"
                    ariaCurrent="true"
                    className="planets"
                    to="/planets"
          >
                    Planets
          </NavLink>
          <NavLink
                    activeClassName="active"
                    ariaCurrent="true"
                    className="vehicles"
                    to="/vehicles"
          >
                    Vehicles
          </NavLink>
          <NavLink
                    activeClassName="active"
                    ariaCurrent="true"
                    className="favorites"
                    to="/favorites"
          >
                    0 Favorites
          </NavLink>
</header>,
        null,
      ],
      "className": "App",
    },
    "ref": null,
    "rendered": Array [
      Object {
        "instance": null,
        "key": undefined,
        "nodeType": "host",
        "props": Object {
          "children": Array [
            <Link
              className="swapiLink"
              replace={false}
              to="/"
>
              <h1
                            className="App-title"
              >
                            SwapiBox
              </h1>
</Link>,
            <NavLink
              activeClassName="active"
              ariaCurrent="true"
              className="people"
              to="/people"
>
              People
</NavLink>,
            <NavLink
              activeClassName="active"
              ariaCurrent="true"
              className="planets"
              to="/planets"
>
              Planets
</NavLink>,
            <NavLink
              activeClassName="active"
              ariaCurrent="true"
              className="vehicles"
              to="/vehicles"
>
              Vehicles
</NavLink>,
            <NavLink
              activeClassName="active"
              ariaCurrent="true"
              className="favorites"
              to="/favorites"
>
              0 Favorites
</NavLink>,
          ],
          "className": "header",
        },
        "ref": null,
        "rendered": Array [
          Object {
            "instance": null,
            "key": undefined,
            "nodeType": "class",
            "props": Object {
              "children": <h1
                className="App-title"
>
                SwapiBox
</h1>,
              "className": "swapiLink",
              "replace": false,
              "to": "/",
            },
            "ref": null,
            "rendered": Object {
              "instance": null,
              "key": undefined,
              "nodeType": "host",
              "props": Object {
                "children": "SwapiBox",
                "className": "App-title",
              },
              "ref": null,
              "rendered": "SwapiBox",
              "type": "h1",
            },
            "type": [Function],
          },
          Object {
            "instance": null,
            "key": undefined,
            "nodeType": "function",
            "props": Object {
              "activeClassName": "active",
              "ariaCurrent": "true",
              "children": "People",
              "className": "people",
              "to": "/people",
            },
            "ref": null,
            "rendered": "People",
            "type": [Function],
          },
          Object {
            "instance": null,
            "key": undefined,
            "nodeType": "function",
            "props": Object {
              "activeClassName": "active",
              "ariaCurrent": "true",
              "children": "Planets",
              "className": "planets",
              "to": "/planets",
            },
            "ref": null,
            "rendered": "Planets",
            "type": [Function],
          },
          Object {
            "instance": null,
            "key": undefined,
            "nodeType": "function",
            "props": Object {
              "activeClassName": "active",
              "ariaCurrent": "true",
              "children": "Vehicles",
              "className": "vehicles",
              "to": "/vehicles",
            },
            "ref": null,
            "rendered": "Vehicles",
            "type": [Function],
          },
          Object {
            "instance": null,
            "key": undefined,
            "nodeType": "function",
            "props": Object {
              "activeClassName": "active",
              "ariaCurrent": "true",
              "children": "0 Favorites",
              "className": "favorites",
              "to": "/favorites",
            },
            "ref": null,
            "rendered": "0 Favorites",
            "type": [Function],
          },
        ],
        "type": "header",
      },
      null,
    ],
    "type": "div",
  },
  Symbol(enzyme.__nodes__): Array [
    Object {
      "instance": null,
      "key": undefined,
      "nodeType": "host",
      "props": Object {
        "children": Array [
          <header
            className="header"
>
            <Link
                        className="swapiLink"
                        replace={false}
                        to="/"
            >
                        <h1
                                    className="App-title"
                        >
                                    SwapiBox
                        </h1>
            </Link>
            <NavLink
                        activeClassName="active"
                        ariaCurrent="true"
                        className="people"
                        to="/people"
            >
                        People
            </NavLink>
            <NavLink
                        activeClassName="active"
                        ariaCurrent="true"
                        className="planets"
                        to="/planets"
            >
                        Planets
            </NavLink>
            <NavLink
                        activeClassName="active"
                        ariaCurrent="true"
                        className="vehicles"
                        to="/vehicles"
            >
                        Vehicles
            </NavLink>
            <NavLink
                        activeClassName="active"
                        ariaCurrent="true"
                        className="favorites"
                        to="/favorites"
            >
                        0 Favorites
            </NavLink>
</header>,
          null,
        ],
        "className": "App",
      },
      "ref": null,
      "rendered": Array [
        Object {
          "instance": null,
          "key": undefined,
          "nodeType": "host",
          "props": Object {
            "children": Array [
              <Link
                className="swapiLink"
                replace={false}
                to="/"
>
                <h1
                                className="App-title"
                >
                                SwapiBox
                </h1>
</Link>,
              <NavLink
                activeClassName="active"
                ariaCurrent="true"
                className="people"
                to="/people"
>
                People
</NavLink>,
              <NavLink
                activeClassName="active"
                ariaCurrent="true"
                className="planets"
                to="/planets"
>
                Planets
</NavLink>,
              <NavLink
                activeClassName="active"
                ariaCurrent="true"
                className="vehicles"
                to="/vehicles"
>
                Vehicles
</NavLink>,
              <NavLink
                activeClassName="active"
                ariaCurrent="true"
                className="favorites"
                to="/favorites"
>
                0 Favorites
</NavLink>,
            ],
            "className": "header",
          },
          "ref": null,
          "rendered": Array [
            Object {
              "instance": null,
              "key": undefined,
              "nodeType": "class",
              "props": Object {
                "children": <h1
                  className="App-title"
>
                  SwapiBox
</h1>,
                "className": "swapiLink",
                "replace": false,
                "to": "/",
              },
              "ref": null,
              "rendered": Object {
                "instance": null,
                "key": undefined,
                "nodeType": "host",
                "props": Object {
                  "children": "SwapiBox",
                  "className": "App-title",
                },
                "ref": null,
                "rendered": "SwapiBox",
                "type": "h1",
              },
              "type": [Function],
            },
            Object {
              "instance": null,
              "key": undefined,
              "nodeType": "function",
              "props": Object {
                "activeClassName": "active",
                "ariaCurrent": "true",
                "children": "People",
                "className": "people",
                "to": "/people",
              },
              "ref": null,
              "rendered": "People",
              "type": [Function],
            },
            Object {
              "instance": null,
              "key": undefined,
              "nodeType": "function",
              "props": Object {
                "activeClassName": "active",
                "ariaCurrent": "true",
                "children": "Planets",
                "className": "planets",
                "to": "/planets",
              },
              "ref": null,
              "rendered": "Planets",
              "type": [Function],
            },
            Object {
              "instance": null,
              "key": undefined,
              "nodeType": "function",
              "props": Object {
                "activeClassName": "active",
                "ariaCurrent": "true",
                "children": "Vehicles",
                "className": "vehicles",
                "to": "/vehicles",
              },
              "ref": null,
              "rendered": "Vehicles",
              "type": [Function],
            },
            Object {
              "instance": null,
              "key": undefined,
              "nodeType": "function",
              "props": Object {
                "activeClassName": "active",
                "ariaCurrent": "true",
                "children": "0 Favorites",
                "className": "favorites",
                "to": "/favorites",
              },
              "ref": null,
              "rendered": "0 Favorites",
              "type": [Function],
            },
          ],
          "type": "header",
        },
        null,
      ],
      "type": "div",
    },
  ],
  Symbol(enzyme.__options__): Object {
    "adapter": ReactSixteenAdapter {
      "options": Object {
        "enableComponentDidUpdateOnSetState": true,
      },
    },
  },
}
`;
